---
source: src/tests.rs
expression: hf
---
Map {
    f: | (value , _) | { value },
    input: Map {
        f: | (mut hf_in) | { let value = hf_in ; (value , ()) },
        input: Map {
            f: | (hf_in) | { (hf_in) },
            input: Tee {
                inner: RefCell {
                    value: Placeholder,
                },
            },
        },
    },
}
