---
source: src/tests.rs
expression: visualize(hf)
---
node0=Placeholder;

node0.tee() 
	.MAP(| (hf_in) | { (hf_in) }) 
	.MAP(| (hf_in) | { let value = hf_in ; (value , ()) }) 
	.MAP(| (value , _) | { value })
