---
source: src/tests.rs
expression: visualize(hf)
---
node0=Placeholder;

node0.tee() 
	.MAP(| _ | { () }) 
	.MAP(| () | { let value = format ! ("hello") ; (value , ()) }) 
	.MAP(| (x , ()) | { (x) }) 
	.MAP(| (x) | { let value = Some (x) ; (value , ()) }) 
	.MAP(| (value , _) | { value })
